// Jest Snapshot v1, https://goo.gl/fbAQLP

exports[`Gallery component matches snapshot 1`] = `
<DocumentFragment>
  <section>
    <h1
      data-testid="h1tag"
    >
      Architecture
    </h1>
    <p>
      Accent of architecture
    </p>
    <div>
      <div
        class="flex-row"
      >
        <img
          alt="TriTunnel"
          class="img-thumbnail mx-1"
          src="0.jpg"
        />
        <img
          alt="Balconies"
          class="img-thumbnail mx-1"
          src="1.jpg"
        />
        <img
          alt="Hex"
          class="img-thumbnail mx-1"
          src="2.jpg"
        />
        <img
          alt="Modern Home"
          class="img-thumbnail mx-1"
          src="3.jpg"
        />
      </div>
    </div>
  </section>
</DocumentFragment>
`;
